--------------------------------------------------------------------------------------
Timing Analyzer Summary
--------------------------------------------------------------------------------------

Type           : Worst-case tsu
Slack          : N/A
Required Time  : None
Actual Time    : 5.937 ns
From           : systemadmin
To             : STATE:u7|state.MENU
From Clock     : --
To Clock       : clk
Failed Paths   : 0

Type           : Worst-case tco
Slack          : N/A
Required Time  : None
Actual Time    : 25.326 ns
From           : DZ:u2|row[3]
To             : dzrow_out[3]
From Clock     : clk
To Clock       : --
Failed Paths   : 0

Type           : Worst-case tpd
Slack          : N/A
Required Time  : None
Actual Time    : 10.674 ns
From           : clear
To             : menuled_out[5]
From Clock     : --
To Clock       : --
Failed Paths   : 0

Type           : Worst-case th
Slack          : N/A
Required Time  : None
Actual Time    : 6.540 ns
From           : systemadmin
To             : STATE:u7|four_cipher_lenth[4][1]
From Clock     : --
To Clock       : clk
Failed Paths   : 0

Type           : Clock Setup: 'clk'
Slack          : N/A
Required Time  : None
Actual Time    : 21.08 MHz ( period = 47.432 ns )
From           : STATE:u7|issmg[3][1]
To             : SMG:u1|b[5]
From Clock     : clk
To Clock       : clk
Failed Paths   : 0

Type           : Clock Hold: 'clk'
Slack          : Not operational: Clock Skew > Data Delay
Required Time  : None
Actual Time    : N/A
From           : STATE:u7|now_input[6][3]
To             : STATE:u7|issmg[8][3]
From Clock     : clk
To Clock       : clk
Failed Paths   : 837

Type           : Total number of failed paths
Slack          : 
Required Time  : 
Actual Time    : 
From           : 
To             : 
From Clock     : 
To Clock       : 
Failed Paths   : 837

--------------------------------------------------------------------------------------

